// Vitest Snapshot v1, https://vitest.dev/guide/snapshot.html

exports[`debería renderizar el home correctamente 1`] = `
<div>
  <div
    class="flex flex-col min-h-screen"
  >
    <button>
      abrir sidebar
    </button>
    <div
      class="flex flex-1"
    >
      <aside
        data-testid="sidebar"
      >
        cerrado
        <button>
          cerrar sidebar
        </button>
      </aside>
      <main
        class="flex-1 p-4 sm:p-6 bg-gray-100 overflow-y-auto"
      >
        <h1
          class="text-3xl font-bold text-gray-800"
        >
          Resumen Hoy
        </h1>
        <div
          class="mt-4 grid grid-cols-2 md:grid-cols-4 gap-4"
        >
          <div
            class="p-4 bg-white rounded-lg shadow text-center"
          >
            <h3
              class="text-lg font-semibold text-gray-600"
            >
              Ocupación
            </h3>
            <p
              class="text-3xl font-bold text-blue-600"
            >
              72%
            </p>
          </div>
          <div
            class="p-4 bg-white rounded-lg shadow text-center"
          >
            <h3
              class="text-lg font-semibold text-gray-600"
            >
              Pendientes
            </h3>
            <p
              class="text-3xl font-bold text-yellow-600"
            >
              4
            </p>
          </div>
          <div
            class="p-4 bg-white rounded-lg shadow text-center"
          >
            <h3
              class="text-lg font-semibold text-gray-600"
            >
              Check In
            </h3>
            <p
              class="text-3xl font-bold text-green-600"
            >
              11
            </p>
          </div>
          <div
            class="p-4 bg-white rounded-lg shadow text-center"
          >
            <h3
              class="text-lg font-semibold text-gray-600"
            >
              Check Out
            </h3>
            <p
              class="text-3xl font-bold text-red-600"
            >
              9
            </p>
          </div>
        </div>
        <div
          class="mt-8 grid grid-cols-1 sm:grid-cols-2 lg:grid-cols-3 gap-6"
        >
          <div
            class="bg-green-200 text-green-800 p-4 rounded-lg shadow-md"
          >
            <h2
              class="text-xl font-bold"
            >
              Habitación 101
            </h2>
            <p
              class="mt-1"
            >
              Disponible ahora
            </p>
          </div>
          <div
            class="bg-yellow-200 text-yellow-800 p-4 rounded-lg shadow-md"
          >
            <h2
              class="text-xl font-bold"
            >
              Habitación 102
            </h2>
            <p
              class="mt-1"
            >
              Reservada: Carlos Pérez
            </p>
          </div>
          <div
            class="bg-red-200 text-red-800 p-4 rounded-lg shadow-md"
          >
            <h2
              class="text-xl font-bold"
            >
              Habitación 301
            </h2>
            <p
              class="mt-1"
            >
              Ocupada por J. Perez
            </p>
          </div>
        </div>
        <div
          class="mt-8"
        >
          <h2
            class="text-2xl font-bold text-gray-700"
          >
            Mapa de habitaciones - Tiempo real
          </h2>
          <div
            class="mt-4 grid grid-cols-2 sm:grid-cols-3 md:grid-cols-4 lg:grid-cols-6 xl:grid-cols-8 gap-4"
          >
            <div
              class="border-l-4 p-4 rounded-md shadow-sm text-center font-bold border-green-500 text-green-700 bg-green-50"
            >
              Hab. 
              01
            </div>
            <div
              class="border-l-4 p-4 rounded-md shadow-sm text-center font-bold border-red-500 text-red-700 bg-red-50"
            >
              Hab. 
              02
            </div>
            <div
              class="border-l-4 p-4 rounded-md shadow-sm text-center font-bold border-gray-800 text-gray-800 bg-gray-100"
            >
              Hab. 
              03
            </div>
            <div
              class="border-l-4 p-4 rounded-md shadow-sm text-center font-bold border-purple-500 text-purple-700 bg-purple-50"
            >
              Hab. 
              04
            </div>
            <div
              class="border-l-4 p-4 rounded-md shadow-sm text-center font-bold border-yellow-500 text-yellow-700 bg-yellow-50"
            >
              Hab. 
              05
            </div>
            <div
              class="border-l-4 p-4 rounded-md shadow-sm text-center font-bold border-red-500 text-red-700 bg-red-50"
            >
              Hab. 
              06
            </div>
            <div
              class="border-l-4 p-4 rounded-md shadow-sm text-center font-bold border-green-500 text-green-700 bg-green-50"
            >
              Hab. 
              07
            </div>
            <div
              class="border-l-4 p-4 rounded-md shadow-sm text-center font-bold border-orange-500 text-orange-700 bg-orange-50"
            >
              Hab. 
              09
            </div>
          </div>
        </div>
        <div
          class="mt-8 p-4 bg-white rounded-lg shadow"
        >
          <h3
            class="text-xl font-bold text-gray-700 mb-3"
          >
            Leyenda
          </h3>
          <div
            class="flex flex-wrap gap-x-6 gap-y-2 text-sm"
          >
            <div
              class="flex items-center"
            >
              <span
                class="h-4 w-4 mr-2 bg-green-500 rounded-full border border-gray-200"
              />
              Disponible
            </div>
            <div
              class="flex items-center"
            >
              <span
                class="h-4 w-4 mr-2 bg-red-500 rounded-full border border-gray-200"
              />
              Ocupado
            </div>
            <div
              class="flex items-center"
            >
              <span
                class="h-4 w-4 mr-2 bg-yellow-500 rounded-full border border-gray-200"
              />
              Pendiente
            </div>
            <div
              class="flex items-center"
            >
              <span
                class="h-4 w-4 mr-2 bg-purple-500 rounded-full border border-gray-200"
              />
              Limpieza
            </div>
            <div
              class="flex items-center"
            >
              <span
                class="h-4 w-4 mr-2 bg-gray-800 rounded-full border border-gray-200"
              />
              Mantenimiento
            </div>
            <div
              class="flex items-center"
            >
              <span
                class="h-4 w-4 mr-2 bg-orange-500 rounded-full border border-gray-200"
              />
              No habitado
            </div>
          </div>
        </div>
      </main>
    </div>
    <div
      data-testid="footer"
    />
  </div>
</div>
`;
